Note: The following floating-point exceptions are signalling: 1312
Note: The following floating-point exceptions are signalling: HELLO WORLD
Note: The following floating-point exceptions are signalling: twinkle twinkle little star
