something here
something here
something here
something here
something here
======= END OF RUN =========
